// Jest Snapshot v1, https://goo.gl/fbAQLP

exports[`renders correctly 1`] = `
<div>
  <div>
    <span
      style={
        Object {
          "backgroundColor": "#f0f0f0",
          "border": "1px solid #cacaca",
          "boxSizing": "border-box",
          "color": "black",
          "display": "inline-block",
          "fontFamily": "Calibri, 'Segoe UI', Thonburi, Arial, Verdana, sans-serif",
          "fontSize": "14px",
          "fontWeight": "bold",
          "height": "25px",
          "lineHeight": "15px",
          "margin": "0",
          "overflow": "hidden",
          "padding": "4px",
          "position": "relative",
          "textAlign": "center",
          "verticalAlign": "top",
          "width": "80px",
        }
      }
    >
      0
    </span>
    <span
      onKeyPress={[Function]}
      role="presentation"
      style={
        Object {
          "backgroundColor": "#f0f0f0",
          "border": "1px solid #cacaca",
          "boxSizing": "border-box",
          "color": "black",
          "display": "inline-block",
          "fontFamily": "Calibri, 'Segoe UI', Thonburi, Arial, Verdana, sans-serif",
          "fontSize": "14px",
          "fontWeight": "bold",
          "height": "25px",
          "lineHeight": "15px",
          "margin": "0",
          "overflow": "hidden",
          "padding": "4px",
          "position": "relative",
          "textAlign": "center",
          "verticalAlign": "top",
          "width": "80px",
        }
      }
    >
      a
    </span>
    <span
      onKeyPress={[Function]}
      role="presentation"
      style={
        Object {
          "backgroundColor": "#f0f0f0",
          "border": "1px solid #cacaca",
          "boxSizing": "border-box",
          "color": "black",
          "display": "inline-block",
          "fontFamily": "Calibri, 'Segoe UI', Thonburi, Arial, Verdana, sans-serif",
          "fontSize": "14px",
          "fontWeight": "bold",
          "height": "25px",
          "lineHeight": "15px",
          "margin": "0",
          "overflow": "hidden",
          "padding": "4px",
          "position": "relative",
          "textAlign": "center",
          "verticalAlign": "top",
          "width": "80px",
        }
      }
    >
      b
    </span>
    <span
      onKeyPress={[Function]}
      role="presentation"
      style={
        Object {
          "backgroundColor": "#f0f0f0",
          "border": "1px solid #cacaca",
          "boxSizing": "border-box",
          "color": "black",
          "display": "inline-block",
          "fontFamily": "Calibri, 'Segoe UI', Thonburi, Arial, Verdana, sans-serif",
          "fontSize": "14px",
          "fontWeight": "bold",
          "height": "25px",
          "lineHeight": "15px",
          "margin": "0",
          "overflow": "hidden",
          "padding": "4px",
          "position": "relative",
          "textAlign": "center",
          "verticalAlign": "top",
          "width": "80px",
        }
      }
    >
      c
    </span>
    <span
      onKeyPress={[Function]}
      role="presentation"
      style={
        Object {
          "backgroundColor": "#f0f0f0",
          "border": "1px solid #cacaca",
          "boxSizing": "border-box",
          "color": "black",
          "display": "inline-block",
          "fontFamily": "Calibri, 'Segoe UI', Thonburi, Arial, Verdana, sans-serif",
          "fontSize": "14px",
          "fontWeight": "bold",
          "height": "25px",
          "lineHeight": "15px",
          "margin": "0",
          "overflow": "hidden",
          "padding": "4px",
          "position": "relative",
          "textAlign": "center",
          "verticalAlign": "top",
          "width": "80px",
        }
      }
    >
      d
    </span>
    <span
      onKeyPress={[Function]}
      role="presentation"
      style={
        Object {
          "backgroundColor": "#f0f0f0",
          "border": "1px solid #cacaca",
          "boxSizing": "border-box",
          "color": "black",
          "display": "inline-block",
          "fontFamily": "Calibri, 'Segoe UI', Thonburi, Arial, Verdana, sans-serif",
          "fontSize": "14px",
          "fontWeight": "bold",
          "height": "25px",
          "lineHeight": "15px",
          "margin": "0",
          "overflow": "hidden",
          "padding": "4px",
          "position": "relative",
          "textAlign": "center",
          "verticalAlign": "top",
          "width": "80px",
        }
      }
    >
      e
    </span>
    <span
      onKeyPress={[Function]}
      role="presentation"
      style={
        Object {
          "backgroundColor": "#f0f0f0",
          "border": "1px solid #cacaca",
          "boxSizing": "border-box",
          "color": "black",
          "display": "inline-block",
          "fontFamily": "Calibri, 'Segoe UI', Thonburi, Arial, Verdana, sans-serif",
          "fontSize": "14px",
          "fontWeight": "bold",
          "height": "25px",
          "lineHeight": "15px",
          "margin": "0",
          "overflow": "hidden",
          "padding": "4px",
          "position": "relative",
          "textAlign": "center",
          "verticalAlign": "top",
          "width": "80px",
        }
      }
    >
      f
    </span>
    <span
      onKeyPress={[Function]}
      role="presentation"
      style={
        Object {
          "backgroundColor": "#f0f0f0",
          "border": "1px solid #cacaca",
          "boxSizing": "border-box",
          "color": "black",
          "display": "inline-block",
          "fontFamily": "Calibri, 'Segoe UI', Thonburi, Arial, Verdana, sans-serif",
          "fontSize": "14px",
          "fontWeight": "bold",
          "height": "25px",
          "lineHeight": "15px",
          "margin": "0",
          "overflow": "hidden",
          "padding": "4px",
          "position": "relative",
          "textAlign": "center",
          "verticalAlign": "top",
          "width": "80px",
        }
      }
    >
      g
    </span>
    <span
      onKeyPress={[Function]}
      role="presentation"
      style={
        Object {
          "backgroundColor": "#f0f0f0",
          "border": "1px solid #cacaca",
          "boxSizing": "border-box",
          "color": "black",
          "display": "inline-block",
          "fontFamily": "Calibri, 'Segoe UI', Thonburi, Arial, Verdana, sans-serif",
          "fontSize": "14px",
          "fontWeight": "bold",
          "height": "25px",
          "lineHeight": "15px",
          "margin": "0",
          "overflow": "hidden",
          "padding": "4px",
          "position": "relative",
          "textAlign": "center",
          "verticalAlign": "top",
          "width": "80px",
        }
      }
    >
      h
    </span>
    <span
      onKeyPress={[Function]}
      role="presentation"
      style={
        Object {
          "backgroundColor": "#f0f0f0",
          "border": "1px solid #cacaca",
          "boxSizing": "border-box",
          "color": "black",
          "display": "inline-block",
          "fontFamily": "Calibri, 'Segoe UI', Thonburi, Arial, Verdana, sans-serif",
          "fontSize": "14px",
          "fontWeight": "bold",
          "height": "25px",
          "lineHeight": "15px",
          "margin": "0",
          "overflow": "hidden",
          "padding": "4px",
          "position": "relative",
          "textAlign": "center",
          "verticalAlign": "top",
          "width": "80px",
        }
      }
    >
      i
    </span>
    <span
      onKeyPress={[Function]}
      role="presentation"
      style={
        Object {
          "backgroundColor": "#f0f0f0",
          "border": "1px solid #cacaca",
          "boxSizing": "border-box",
          "color": "black",
          "display": "inline-block",
          "fontFamily": "Calibri, 'Segoe UI', Thonburi, Arial, Verdana, sans-serif",
          "fontSize": "14px",
          "fontWeight": "bold",
          "height": "25px",
          "lineHeight": "15px",
          "margin": "0",
          "overflow": "hidden",
          "padding": "4px",
          "position": "relative",
          "textAlign": "center",
          "verticalAlign": "top",
          "width": "80px",
        }
      }
    >
      j
    </span>
  </div>
  <div>
    <span
      style={
        Object {
          "backgroundColor": "#f0f0f0",
          "border": "1px solid #cacaca",
          "boxSizing": "border-box",
          "color": "black",
          "display": "inline-block",
          "fontFamily": "Calibri, 'Segoe UI', Thonburi, Arial, Verdana, sans-serif",
          "fontSize": "14px",
          "fontWeight": "bold",
          "height": "25px",
          "lineHeight": "15px",
          "margin": "0",
          "overflow": "hidden",
          "padding": "4px",
          "position": "relative",
          "textAlign": "center",
          "verticalAlign": "top",
          "width": "80px",
        }
      }
    >
      1
    </span>
    <span
      onClick={[Function]}
      onDoubleClick={[Function]}
      role="presentation"
      style={
        Object {
          "border": "1px solid #cacaca",
          "boxSizing": "border-box",
          "color": "black",
          "display": "inline-block",
          "fontFamily": "Calibri, 'Segoe UI', Thonburi, Arial, Verdana, sans-serif",
          "fontSize": "14px",
          "height": "25px",
          "lineHeight": "15px",
          "margin": "0",
          "overflow": "hidden",
          "padding": "4px",
          "position": "relative",
          "textAlign": "left",
          "verticalAlign": "top",
          "width": "80px",
        }
      }
    >
      
    </span>
    <span
      onClick={[Function]}
      onDoubleClick={[Function]}
      role="presentation"
      style={
        Object {
          "border": "1px solid #cacaca",
          "boxSizing": "border-box",
          "color": "black",
          "display": "inline-block",
          "fontFamily": "Calibri, 'Segoe UI', Thonburi, Arial, Verdana, sans-serif",
          "fontSize": "14px",
          "height": "25px",
          "lineHeight": "15px",
          "margin": "0",
          "overflow": "hidden",
          "padding": "4px",
          "position": "relative",
          "textAlign": "left",
          "verticalAlign": "top",
          "width": "80px",
        }
      }
    >
      
    </span>
    <span
      onClick={[Function]}
      onDoubleClick={[Function]}
      role="presentation"
      style={
        Object {
          "border": "1px solid #cacaca",
          "boxSizing": "border-box",
          "color": "black",
          "display": "inline-block",
          "fontFamily": "Calibri, 'Segoe UI', Thonburi, Arial, Verdana, sans-serif",
          "fontSize": "14px",
          "height": "25px",
          "lineHeight": "15px",
          "margin": "0",
          "overflow": "hidden",
          "padding": "4px",
          "position": "relative",
          "textAlign": "left",
          "verticalAlign": "top",
          "width": "80px",
        }
      }
    >
      
    </span>
    <span
      onClick={[Function]}
      onDoubleClick={[Function]}
      role="presentation"
      style={
        Object {
          "border": "1px solid #cacaca",
          "boxSizing": "border-box",
          "color": "black",
          "display": "inline-block",
          "fontFamily": "Calibri, 'Segoe UI', Thonburi, Arial, Verdana, sans-serif",
          "fontSize": "14px",
          "height": "25px",
          "lineHeight": "15px",
          "margin": "0",
          "overflow": "hidden",
          "padding": "4px",
          "position": "relative",
          "textAlign": "left",
          "verticalAlign": "top",
          "width": "80px",
        }
      }
    >
      
    </span>
    <span
      onClick={[Function]}
      onDoubleClick={[Function]}
      role="presentation"
      style={
        Object {
          "border": "1px solid #cacaca",
          "boxSizing": "border-box",
          "color": "black",
          "display": "inline-block",
          "fontFamily": "Calibri, 'Segoe UI', Thonburi, Arial, Verdana, sans-serif",
          "fontSize": "14px",
          "height": "25px",
          "lineHeight": "15px",
          "margin": "0",
          "overflow": "hidden",
          "padding": "4px",
          "position": "relative",
          "textAlign": "left",
          "verticalAlign": "top",
          "width": "80px",
        }
      }
    >
      
    </span>
    <span
      onClick={[Function]}
      onDoubleClick={[Function]}
      role="presentation"
      style={
        Object {
          "border": "1px solid #cacaca",
          "boxSizing": "border-box",
          "color": "black",
          "display": "inline-block",
          "fontFamily": "Calibri, 'Segoe UI', Thonburi, Arial, Verdana, sans-serif",
          "fontSize": "14px",
          "height": "25px",
          "lineHeight": "15px",
          "margin": "0",
          "overflow": "hidden",
          "padding": "4px",
          "position": "relative",
          "textAlign": "left",
          "verticalAlign": "top",
          "width": "80px",
        }
      }
    >
      
    </span>
    <span
      onClick={[Function]}
      onDoubleClick={[Function]}
      role="presentation"
      style={
        Object {
          "border": "1px solid #cacaca",
          "boxSizing": "border-box",
          "color": "black",
          "display": "inline-block",
          "fontFamily": "Calibri, 'Segoe UI', Thonburi, Arial, Verdana, sans-serif",
          "fontSize": "14px",
          "height": "25px",
          "lineHeight": "15px",
          "margin": "0",
          "overflow": "hidden",
          "padding": "4px",
          "position": "relative",
          "textAlign": "left",
          "verticalAlign": "top",
          "width": "80px",
        }
      }
    >
      
    </span>
    <span
      onClick={[Function]}
      onDoubleClick={[Function]}
      role="presentation"
      style={
        Object {
          "border": "1px solid #cacaca",
          "boxSizing": "border-box",
          "color": "black",
          "display": "inline-block",
          "fontFamily": "Calibri, 'Segoe UI', Thonburi, Arial, Verdana, sans-serif",
          "fontSize": "14px",
          "height": "25px",
          "lineHeight": "15px",
          "margin": "0",
          "overflow": "hidden",
          "padding": "4px",
          "position": "relative",
          "textAlign": "left",
          "verticalAlign": "top",
          "width": "80px",
        }
      }
    >
      
    </span>
    <span
      onClick={[Function]}
      onDoubleClick={[Function]}
      role="presentation"
      style={
        Object {
          "border": "1px solid #cacaca",
          "boxSizing": "border-box",
          "color": "black",
          "display": "inline-block",
          "fontFamily": "Calibri, 'Segoe UI', Thonburi, Arial, Verdana, sans-serif",
          "fontSize": "14px",
          "height": "25px",
          "lineHeight": "15px",
          "margin": "0",
          "overflow": "hidden",
          "padding": "4px",
          "position": "relative",
          "textAlign": "left",
          "verticalAlign": "top",
          "width": "80px",
        }
      }
    >
      
    </span>
    <span
      onClick={[Function]}
      onDoubleClick={[Function]}
      role="presentation"
      style={
        Object {
          "border": "1px solid #cacaca",
          "boxSizing": "border-box",
          "color": "black",
          "display": "inline-block",
          "fontFamily": "Calibri, 'Segoe UI', Thonburi, Arial, Verdana, sans-serif",
          "fontSize": "14px",
          "height": "25px",
          "lineHeight": "15px",
          "margin": "0",
          "overflow": "hidden",
          "padding": "4px",
          "position": "relative",
          "textAlign": "left",
          "verticalAlign": "top",
          "width": "80px",
        }
      }
    >
      
    </span>
  </div>
  <div>
    <span
      style={
        Object {
          "backgroundColor": "#f0f0f0",
          "border": "1px solid #cacaca",
          "boxSizing": "border-box",
          "color": "black",
          "display": "inline-block",
          "fontFamily": "Calibri, 'Segoe UI', Thonburi, Arial, Verdana, sans-serif",
          "fontSize": "14px",
          "fontWeight": "bold",
          "height": "25px",
          "lineHeight": "15px",
          "margin": "0",
          "overflow": "hidden",
          "padding": "4px",
          "position": "relative",
          "textAlign": "center",
          "verticalAlign": "top",
          "width": "80px",
        }
      }
    >
      2
    </span>
    <span
      onClick={[Function]}
      onDoubleClick={[Function]}
      role="presentation"
      style={
        Object {
          "border": "1px solid #cacaca",
          "boxSizing": "border-box",
          "color": "black",
          "display": "inline-block",
          "fontFamily": "Calibri, 'Segoe UI', Thonburi, Arial, Verdana, sans-serif",
          "fontSize": "14px",
          "height": "25px",
          "lineHeight": "15px",
          "margin": "0",
          "overflow": "hidden",
          "padding": "4px",
          "position": "relative",
          "textAlign": "left",
          "verticalAlign": "top",
          "width": "80px",
        }
      }
    >
      
    </span>
    <span
      onClick={[Function]}
      onDoubleClick={[Function]}
      role="presentation"
      style={
        Object {
          "border": "1px solid #cacaca",
          "boxSizing": "border-box",
          "color": "black",
          "display": "inline-block",
          "fontFamily": "Calibri, 'Segoe UI', Thonburi, Arial, Verdana, sans-serif",
          "fontSize": "14px",
          "height": "25px",
          "lineHeight": "15px",
          "margin": "0",
          "overflow": "hidden",
          "padding": "4px",
          "position": "relative",
          "textAlign": "left",
          "verticalAlign": "top",
          "width": "80px",
        }
      }
    >
      
    </span>
    <span
      onClick={[Function]}
      onDoubleClick={[Function]}
      role="presentation"
      style={
        Object {
          "border": "1px solid #cacaca",
          "boxSizing": "border-box",
          "color": "black",
          "display": "inline-block",
          "fontFamily": "Calibri, 'Segoe UI', Thonburi, Arial, Verdana, sans-serif",
          "fontSize": "14px",
          "height": "25px",
          "lineHeight": "15px",
          "margin": "0",
          "overflow": "hidden",
          "padding": "4px",
          "position": "relative",
          "textAlign": "left",
          "verticalAlign": "top",
          "width": "80px",
        }
      }
    >
      
    </span>
    <span
      onClick={[Function]}
      onDoubleClick={[Function]}
      role="presentation"
      style={
        Object {
          "border": "1px solid #cacaca",
          "boxSizing": "border-box",
          "color": "black",
          "display": "inline-block",
          "fontFamily": "Calibri, 'Segoe UI', Thonburi, Arial, Verdana, sans-serif",
          "fontSize": "14px",
          "height": "25px",
          "lineHeight": "15px",
          "margin": "0",
          "overflow": "hidden",
          "padding": "4px",
          "position": "relative",
          "textAlign": "left",
          "verticalAlign": "top",
          "width": "80px",
        }
      }
    >
      
    </span>
    <span
      onClick={[Function]}
      onDoubleClick={[Function]}
      role="presentation"
      style={
        Object {
          "border": "1px solid #cacaca",
          "boxSizing": "border-box",
          "color": "black",
          "display": "inline-block",
          "fontFamily": "Calibri, 'Segoe UI', Thonburi, Arial, Verdana, sans-serif",
          "fontSize": "14px",
          "height": "25px",
          "lineHeight": "15px",
          "margin": "0",
          "overflow": "hidden",
          "padding": "4px",
          "position": "relative",
          "textAlign": "left",
          "verticalAlign": "top",
          "width": "80px",
        }
      }
    >
      
    </span>
    <span
      onClick={[Function]}
      onDoubleClick={[Function]}
      role="presentation"
      style={
        Object {
          "border": "1px solid #cacaca",
          "boxSizing": "border-box",
          "color": "black",
          "display": "inline-block",
          "fontFamily": "Calibri, 'Segoe UI', Thonburi, Arial, Verdana, sans-serif",
          "fontSize": "14px",
          "height": "25px",
          "lineHeight": "15px",
          "margin": "0",
          "overflow": "hidden",
          "padding": "4px",
          "position": "relative",
          "textAlign": "left",
          "verticalAlign": "top",
          "width": "80px",
        }
      }
    >
      
    </span>
    <span
      onClick={[Function]}
      onDoubleClick={[Function]}
      role="presentation"
      style={
        Object {
          "border": "1px solid #cacaca",
          "boxSizing": "border-box",
          "color": "black",
          "display": "inline-block",
          "fontFamily": "Calibri, 'Segoe UI', Thonburi, Arial, Verdana, sans-serif",
          "fontSize": "14px",
          "height": "25px",
          "lineHeight": "15px",
          "margin": "0",
          "overflow": "hidden",
          "padding": "4px",
          "position": "relative",
          "textAlign": "left",
          "verticalAlign": "top",
          "width": "80px",
        }
      }
    >
      
    </span>
    <span
      onClick={[Function]}
      onDoubleClick={[Function]}
      role="presentation"
      style={
        Object {
          "border": "1px solid #cacaca",
          "boxSizing": "border-box",
          "color": "black",
          "display": "inline-block",
          "fontFamily": "Calibri, 'Segoe UI', Thonburi, Arial, Verdana, sans-serif",
          "fontSize": "14px",
          "height": "25px",
          "lineHeight": "15px",
          "margin": "0",
          "overflow": "hidden",
          "padding": "4px",
          "position": "relative",
          "textAlign": "left",
          "verticalAlign": "top",
          "width": "80px",
        }
      }
    >
      
    </span>
    <span
      onClick={[Function]}
      onDoubleClick={[Function]}
      role="presentation"
      style={
        Object {
          "border": "1px solid #cacaca",
          "boxSizing": "border-box",
          "color": "black",
          "display": "inline-block",
          "fontFamily": "Calibri, 'Segoe UI', Thonburi, Arial, Verdana, sans-serif",
          "fontSize": "14px",
          "height": "25px",
          "lineHeight": "15px",
          "margin": "0",
          "overflow": "hidden",
          "padding": "4px",
          "position": "relative",
          "textAlign": "left",
          "verticalAlign": "top",
          "width": "80px",
        }
      }
    >
      
    </span>
    <span
      onClick={[Function]}
      onDoubleClick={[Function]}
      role="presentation"
      style={
        Object {
          "border": "1px solid #cacaca",
          "boxSizing": "border-box",
          "color": "black",
          "display": "inline-block",
          "fontFamily": "Calibri, 'Segoe UI', Thonburi, Arial, Verdana, sans-serif",
          "fontSize": "14px",
          "height": "25px",
          "lineHeight": "15px",
          "margin": "0",
          "overflow": "hidden",
          "padding": "4px",
          "position": "relative",
          "textAlign": "left",
          "verticalAlign": "top",
          "width": "80px",
        }
      }
    >
      
    </span>
  </div>
  <div>
    <span
      style={
        Object {
          "backgroundColor": "#f0f0f0",
          "border": "1px solid #cacaca",
          "boxSizing": "border-box",
          "color": "black",
          "display": "inline-block",
          "fontFamily": "Calibri, 'Segoe UI', Thonburi, Arial, Verdana, sans-serif",
          "fontSize": "14px",
          "fontWeight": "bold",
          "height": "25px",
          "lineHeight": "15px",
          "margin": "0",
          "overflow": "hidden",
          "padding": "4px",
          "position": "relative",
          "textAlign": "center",
          "verticalAlign": "top",
          "width": "80px",
        }
      }
    >
      3
    </span>
    <span
      onClick={[Function]}
      onDoubleClick={[Function]}
      role="presentation"
      style={
        Object {
          "border": "1px solid #cacaca",
          "boxSizing": "border-box",
          "color": "black",
          "display": "inline-block",
          "fontFamily": "Calibri, 'Segoe UI', Thonburi, Arial, Verdana, sans-serif",
          "fontSize": "14px",
          "height": "25px",
          "lineHeight": "15px",
          "margin": "0",
          "overflow": "hidden",
          "padding": "4px",
          "position": "relative",
          "textAlign": "left",
          "verticalAlign": "top",
          "width": "80px",
        }
      }
    >
      
    </span>
    <span
      onClick={[Function]}
      onDoubleClick={[Function]}
      role="presentation"
      style={
        Object {
          "border": "1px solid #cacaca",
          "boxSizing": "border-box",
          "color": "black",
          "display": "inline-block",
          "fontFamily": "Calibri, 'Segoe UI', Thonburi, Arial, Verdana, sans-serif",
          "fontSize": "14px",
          "height": "25px",
          "lineHeight": "15px",
          "margin": "0",
          "overflow": "hidden",
          "padding": "4px",
          "position": "relative",
          "textAlign": "left",
          "verticalAlign": "top",
          "width": "80px",
        }
      }
    >
      
    </span>
    <span
      onClick={[Function]}
      onDoubleClick={[Function]}
      role="presentation"
      style={
        Object {
          "border": "1px solid #cacaca",
          "boxSizing": "border-box",
          "color": "black",
          "display": "inline-block",
          "fontFamily": "Calibri, 'Segoe UI', Thonburi, Arial, Verdana, sans-serif",
          "fontSize": "14px",
          "height": "25px",
          "lineHeight": "15px",
          "margin": "0",
          "overflow": "hidden",
          "padding": "4px",
          "position": "relative",
          "textAlign": "left",
          "verticalAlign": "top",
          "width": "80px",
        }
      }
    >
      
    </span>
    <span
      onClick={[Function]}
      onDoubleClick={[Function]}
      role="presentation"
      style={
        Object {
          "border": "1px solid #cacaca",
          "boxSizing": "border-box",
          "color": "black",
          "display": "inline-block",
          "fontFamily": "Calibri, 'Segoe UI', Thonburi, Arial, Verdana, sans-serif",
          "fontSize": "14px",
          "height": "25px",
          "lineHeight": "15px",
          "margin": "0",
          "overflow": "hidden",
          "padding": "4px",
          "position": "relative",
          "textAlign": "left",
          "verticalAlign": "top",
          "width": "80px",
        }
      }
    >
      
    </span>
    <span
      onClick={[Function]}
      onDoubleClick={[Function]}
      role="presentation"
      style={
        Object {
          "border": "1px solid #cacaca",
          "boxSizing": "border-box",
          "color": "black",
          "display": "inline-block",
          "fontFamily": "Calibri, 'Segoe UI', Thonburi, Arial, Verdana, sans-serif",
          "fontSize": "14px",
          "height": "25px",
          "lineHeight": "15px",
          "margin": "0",
          "overflow": "hidden",
          "padding": "4px",
          "position": "relative",
          "textAlign": "left",
          "verticalAlign": "top",
          "width": "80px",
        }
      }
    >
      
    </span>
    <span
      onClick={[Function]}
      onDoubleClick={[Function]}
      role="presentation"
      style={
        Object {
          "border": "1px solid #cacaca",
          "boxSizing": "border-box",
          "color": "black",
          "display": "inline-block",
          "fontFamily": "Calibri, 'Segoe UI', Thonburi, Arial, Verdana, sans-serif",
          "fontSize": "14px",
          "height": "25px",
          "lineHeight": "15px",
          "margin": "0",
          "overflow": "hidden",
          "padding": "4px",
          "position": "relative",
          "textAlign": "left",
          "verticalAlign": "top",
          "width": "80px",
        }
      }
    >
      
    </span>
    <span
      onClick={[Function]}
      onDoubleClick={[Function]}
      role="presentation"
      style={
        Object {
          "border": "1px solid #cacaca",
          "boxSizing": "border-box",
          "color": "black",
          "display": "inline-block",
          "fontFamily": "Calibri, 'Segoe UI', Thonburi, Arial, Verdana, sans-serif",
          "fontSize": "14px",
          "height": "25px",
          "lineHeight": "15px",
          "margin": "0",
          "overflow": "hidden",
          "padding": "4px",
          "position": "relative",
          "textAlign": "left",
          "verticalAlign": "top",
          "width": "80px",
        }
      }
    >
      
    </span>
    <span
      onClick={[Function]}
      onDoubleClick={[Function]}
      role="presentation"
      style={
        Object {
          "border": "1px solid #cacaca",
          "boxSizing": "border-box",
          "color": "black",
          "display": "inline-block",
          "fontFamily": "Calibri, 'Segoe UI', Thonburi, Arial, Verdana, sans-serif",
          "fontSize": "14px",
          "height": "25px",
          "lineHeight": "15px",
          "margin": "0",
          "overflow": "hidden",
          "padding": "4px",
          "position": "relative",
          "textAlign": "left",
          "verticalAlign": "top",
          "width": "80px",
        }
      }
    >
      
    </span>
    <span
      onClick={[Function]}
      onDoubleClick={[Function]}
      role="presentation"
      style={
        Object {
          "border": "1px solid #cacaca",
          "boxSizing": "border-box",
          "color": "black",
          "display": "inline-block",
          "fontFamily": "Calibri, 'Segoe UI', Thonburi, Arial, Verdana, sans-serif",
          "fontSize": "14px",
          "height": "25px",
          "lineHeight": "15px",
          "margin": "0",
          "overflow": "hidden",
          "padding": "4px",
          "position": "relative",
          "textAlign": "left",
          "verticalAlign": "top",
          "width": "80px",
        }
      }
    >
      
    </span>
    <span
      onClick={[Function]}
      onDoubleClick={[Function]}
      role="presentation"
      style={
        Object {
          "border": "1px solid #cacaca",
          "boxSizing": "border-box",
          "color": "black",
          "display": "inline-block",
          "fontFamily": "Calibri, 'Segoe UI', Thonburi, Arial, Verdana, sans-serif",
          "fontSize": "14px",
          "height": "25px",
          "lineHeight": "15px",
          "margin": "0",
          "overflow": "hidden",
          "padding": "4px",
          "position": "relative",
          "textAlign": "left",
          "verticalAlign": "top",
          "width": "80px",
        }
      }
    >
      
    </span>
  </div>
  <div>
    <span
      style={
        Object {
          "backgroundColor": "#f0f0f0",
          "border": "1px solid #cacaca",
          "boxSizing": "border-box",
          "color": "black",
          "display": "inline-block",
          "fontFamily": "Calibri, 'Segoe UI', Thonburi, Arial, Verdana, sans-serif",
          "fontSize": "14px",
          "fontWeight": "bold",
          "height": "25px",
          "lineHeight": "15px",
          "margin": "0",
          "overflow": "hidden",
          "padding": "4px",
          "position": "relative",
          "textAlign": "center",
          "verticalAlign": "top",
          "width": "80px",
        }
      }
    >
      4
    </span>
    <span
      onClick={[Function]}
      onDoubleClick={[Function]}
      role="presentation"
      style={
        Object {
          "border": "1px solid #cacaca",
          "boxSizing": "border-box",
          "color": "black",
          "display": "inline-block",
          "fontFamily": "Calibri, 'Segoe UI', Thonburi, Arial, Verdana, sans-serif",
          "fontSize": "14px",
          "height": "25px",
          "lineHeight": "15px",
          "margin": "0",
          "overflow": "hidden",
          "padding": "4px",
          "position": "relative",
          "textAlign": "left",
          "verticalAlign": "top",
          "width": "80px",
        }
      }
    >
      
    </span>
    <span
      onClick={[Function]}
      onDoubleClick={[Function]}
      role="presentation"
      style={
        Object {
          "border": "1px solid #cacaca",
          "boxSizing": "border-box",
          "color": "black",
          "display": "inline-block",
          "fontFamily": "Calibri, 'Segoe UI', Thonburi, Arial, Verdana, sans-serif",
          "fontSize": "14px",
          "height": "25px",
          "lineHeight": "15px",
          "margin": "0",
          "overflow": "hidden",
          "padding": "4px",
          "position": "relative",
          "textAlign": "left",
          "verticalAlign": "top",
          "width": "80px",
        }
      }
    >
      
    </span>
    <span
      onClick={[Function]}
      onDoubleClick={[Function]}
      role="presentation"
      style={
        Object {
          "border": "1px solid #cacaca",
          "boxSizing": "border-box",
          "color": "black",
          "display": "inline-block",
          "fontFamily": "Calibri, 'Segoe UI', Thonburi, Arial, Verdana, sans-serif",
          "fontSize": "14px",
          "height": "25px",
          "lineHeight": "15px",
          "margin": "0",
          "overflow": "hidden",
          "padding": "4px",
          "position": "relative",
          "textAlign": "left",
          "verticalAlign": "top",
          "width": "80px",
        }
      }
    >
      
    </span>
    <span
      onClick={[Function]}
      onDoubleClick={[Function]}
      role="presentation"
      style={
        Object {
          "border": "1px solid #cacaca",
          "boxSizing": "border-box",
          "color": "black",
          "display": "inline-block",
          "fontFamily": "Calibri, 'Segoe UI', Thonburi, Arial, Verdana, sans-serif",
          "fontSize": "14px",
          "height": "25px",
          "lineHeight": "15px",
          "margin": "0",
          "overflow": "hidden",
          "padding": "4px",
          "position": "relative",
          "textAlign": "left",
          "verticalAlign": "top",
          "width": "80px",
        }
      }
    >
      
    </span>
    <span
      onClick={[Function]}
      onDoubleClick={[Function]}
      role="presentation"
      style={
        Object {
          "border": "1px solid #cacaca",
          "boxSizing": "border-box",
          "color": "black",
          "display": "inline-block",
          "fontFamily": "Calibri, 'Segoe UI', Thonburi, Arial, Verdana, sans-serif",
          "fontSize": "14px",
          "height": "25px",
          "lineHeight": "15px",
          "margin": "0",
          "overflow": "hidden",
          "padding": "4px",
          "position": "relative",
          "textAlign": "left",
          "verticalAlign": "top",
          "width": "80px",
        }
      }
    >
      
    </span>
    <span
      onClick={[Function]}
      onDoubleClick={[Function]}
      role="presentation"
      style={
        Object {
          "border": "1px solid #cacaca",
          "boxSizing": "border-box",
          "color": "black",
          "display": "inline-block",
          "fontFamily": "Calibri, 'Segoe UI', Thonburi, Arial, Verdana, sans-serif",
          "fontSize": "14px",
          "height": "25px",
          "lineHeight": "15px",
          "margin": "0",
          "overflow": "hidden",
          "padding": "4px",
          "position": "relative",
          "textAlign": "left",
          "verticalAlign": "top",
          "width": "80px",
        }
      }
    >
      
    </span>
    <span
      onClick={[Function]}
      onDoubleClick={[Function]}
      role="presentation"
      style={
        Object {
          "border": "1px solid #cacaca",
          "boxSizing": "border-box",
          "color": "black",
          "display": "inline-block",
          "fontFamily": "Calibri, 'Segoe UI', Thonburi, Arial, Verdana, sans-serif",
          "fontSize": "14px",
          "height": "25px",
          "lineHeight": "15px",
          "margin": "0",
          "overflow": "hidden",
          "padding": "4px",
          "position": "relative",
          "textAlign": "left",
          "verticalAlign": "top",
          "width": "80px",
        }
      }
    >
      
    </span>
    <span
      onClick={[Function]}
      onDoubleClick={[Function]}
      role="presentation"
      style={
        Object {
          "border": "1px solid #cacaca",
          "boxSizing": "border-box",
          "color": "black",
          "display": "inline-block",
          "fontFamily": "Calibri, 'Segoe UI', Thonburi, Arial, Verdana, sans-serif",
          "fontSize": "14px",
          "height": "25px",
          "lineHeight": "15px",
          "margin": "0",
          "overflow": "hidden",
          "padding": "4px",
          "position": "relative",
          "textAlign": "left",
          "verticalAlign": "top",
          "width": "80px",
        }
      }
    >
      
    </span>
    <span
      onClick={[Function]}
      onDoubleClick={[Function]}
      role="presentation"
      style={
        Object {
          "border": "1px solid #cacaca",
          "boxSizing": "border-box",
          "color": "black",
          "display": "inline-block",
          "fontFamily": "Calibri, 'Segoe UI', Thonburi, Arial, Verdana, sans-serif",
          "fontSize": "14px",
          "height": "25px",
          "lineHeight": "15px",
          "margin": "0",
          "overflow": "hidden",
          "padding": "4px",
          "position": "relative",
          "textAlign": "left",
          "verticalAlign": "top",
          "width": "80px",
        }
      }
    >
      
    </span>
    <span
      onClick={[Function]}
      onDoubleClick={[Function]}
      role="presentation"
      style={
        Object {
          "border": "1px solid #cacaca",
          "boxSizing": "border-box",
          "color": "black",
          "display": "inline-block",
          "fontFamily": "Calibri, 'Segoe UI', Thonburi, Arial, Verdana, sans-serif",
          "fontSize": "14px",
          "height": "25px",
          "lineHeight": "15px",
          "margin": "0",
          "overflow": "hidden",
          "padding": "4px",
          "position": "relative",
          "textAlign": "left",
          "verticalAlign": "top",
          "width": "80px",
        }
      }
    >
      
    </span>
  </div>
  <div>
    <span
      style={
        Object {
          "backgroundColor": "#f0f0f0",
          "border": "1px solid #cacaca",
          "boxSizing": "border-box",
          "color": "black",
          "display": "inline-block",
          "fontFamily": "Calibri, 'Segoe UI', Thonburi, Arial, Verdana, sans-serif",
          "fontSize": "14px",
          "fontWeight": "bold",
          "height": "25px",
          "lineHeight": "15px",
          "margin": "0",
          "overflow": "hidden",
          "padding": "4px",
          "position": "relative",
          "textAlign": "center",
          "verticalAlign": "top",
          "width": "80px",
        }
      }
    >
      5
    </span>
    <span
      onClick={[Function]}
      onDoubleClick={[Function]}
      role="presentation"
      style={
        Object {
          "border": "1px solid #cacaca",
          "boxSizing": "border-box",
          "color": "black",
          "display": "inline-block",
          "fontFamily": "Calibri, 'Segoe UI', Thonburi, Arial, Verdana, sans-serif",
          "fontSize": "14px",
          "height": "25px",
          "lineHeight": "15px",
          "margin": "0",
          "overflow": "hidden",
          "padding": "4px",
          "position": "relative",
          "textAlign": "left",
          "verticalAlign": "top",
          "width": "80px",
        }
      }
    >
      
    </span>
    <span
      onClick={[Function]}
      onDoubleClick={[Function]}
      role="presentation"
      style={
        Object {
          "border": "1px solid #cacaca",
          "boxSizing": "border-box",
          "color": "black",
          "display": "inline-block",
          "fontFamily": "Calibri, 'Segoe UI', Thonburi, Arial, Verdana, sans-serif",
          "fontSize": "14px",
          "height": "25px",
          "lineHeight": "15px",
          "margin": "0",
          "overflow": "hidden",
          "padding": "4px",
          "position": "relative",
          "textAlign": "left",
          "verticalAlign": "top",
          "width": "80px",
        }
      }
    >
      
    </span>
    <span
      onClick={[Function]}
      onDoubleClick={[Function]}
      role="presentation"
      style={
        Object {
          "border": "1px solid #cacaca",
          "boxSizing": "border-box",
          "color": "black",
          "display": "inline-block",
          "fontFamily": "Calibri, 'Segoe UI', Thonburi, Arial, Verdana, sans-serif",
          "fontSize": "14px",
          "height": "25px",
          "lineHeight": "15px",
          "margin": "0",
          "overflow": "hidden",
          "padding": "4px",
          "position": "relative",
          "textAlign": "left",
          "verticalAlign": "top",
          "width": "80px",
        }
      }
    >
      
    </span>
    <span
      onClick={[Function]}
      onDoubleClick={[Function]}
      role="presentation"
      style={
        Object {
          "border": "1px solid #cacaca",
          "boxSizing": "border-box",
          "color": "black",
          "display": "inline-block",
          "fontFamily": "Calibri, 'Segoe UI', Thonburi, Arial, Verdana, sans-serif",
          "fontSize": "14px",
          "height": "25px",
          "lineHeight": "15px",
          "margin": "0",
          "overflow": "hidden",
          "padding": "4px",
          "position": "relative",
          "textAlign": "left",
          "verticalAlign": "top",
          "width": "80px",
        }
      }
    >
      
    </span>
    <span
      onClick={[Function]}
      onDoubleClick={[Function]}
      role="presentation"
      style={
        Object {
          "border": "1px solid #cacaca",
          "boxSizing": "border-box",
          "color": "black",
          "display": "inline-block",
          "fontFamily": "Calibri, 'Segoe UI', Thonburi, Arial, Verdana, sans-serif",
          "fontSize": "14px",
          "height": "25px",
          "lineHeight": "15px",
          "margin": "0",
          "overflow": "hidden",
          "padding": "4px",
          "position": "relative",
          "textAlign": "left",
          "verticalAlign": "top",
          "width": "80px",
        }
      }
    >
      
    </span>
    <span
      onClick={[Function]}
      onDoubleClick={[Function]}
      role="presentation"
      style={
        Object {
          "border": "1px solid #cacaca",
          "boxSizing": "border-box",
          "color": "black",
          "display": "inline-block",
          "fontFamily": "Calibri, 'Segoe UI', Thonburi, Arial, Verdana, sans-serif",
          "fontSize": "14px",
          "height": "25px",
          "lineHeight": "15px",
          "margin": "0",
          "overflow": "hidden",
          "padding": "4px",
          "position": "relative",
          "textAlign": "left",
          "verticalAlign": "top",
          "width": "80px",
        }
      }
    >
      
    </span>
    <span
      onClick={[Function]}
      onDoubleClick={[Function]}
      role="presentation"
      style={
        Object {
          "border": "1px solid #cacaca",
          "boxSizing": "border-box",
          "color": "black",
          "display": "inline-block",
          "fontFamily": "Calibri, 'Segoe UI', Thonburi, Arial, Verdana, sans-serif",
          "fontSize": "14px",
          "height": "25px",
          "lineHeight": "15px",
          "margin": "0",
          "overflow": "hidden",
          "padding": "4px",
          "position": "relative",
          "textAlign": "left",
          "verticalAlign": "top",
          "width": "80px",
        }
      }
    >
      
    </span>
    <span
      onClick={[Function]}
      onDoubleClick={[Function]}
      role="presentation"
      style={
        Object {
          "border": "1px solid #cacaca",
          "boxSizing": "border-box",
          "color": "black",
          "display": "inline-block",
          "fontFamily": "Calibri, 'Segoe UI', Thonburi, Arial, Verdana, sans-serif",
          "fontSize": "14px",
          "height": "25px",
          "lineHeight": "15px",
          "margin": "0",
          "overflow": "hidden",
          "padding": "4px",
          "position": "relative",
          "textAlign": "left",
          "verticalAlign": "top",
          "width": "80px",
        }
      }
    >
      
    </span>
    <span
      onClick={[Function]}
      onDoubleClick={[Function]}
      role="presentation"
      style={
        Object {
          "border": "1px solid #cacaca",
          "boxSizing": "border-box",
          "color": "black",
          "display": "inline-block",
          "fontFamily": "Calibri, 'Segoe UI', Thonburi, Arial, Verdana, sans-serif",
          "fontSize": "14px",
          "height": "25px",
          "lineHeight": "15px",
          "margin": "0",
          "overflow": "hidden",
          "padding": "4px",
          "position": "relative",
          "textAlign": "left",
          "verticalAlign": "top",
          "width": "80px",
        }
      }
    >
      
    </span>
    <span
      onClick={[Function]}
      onDoubleClick={[Function]}
      role="presentation"
      style={
        Object {
          "border": "1px solid #cacaca",
          "boxSizing": "border-box",
          "color": "black",
          "display": "inline-block",
          "fontFamily": "Calibri, 'Segoe UI', Thonburi, Arial, Verdana, sans-serif",
          "fontSize": "14px",
          "height": "25px",
          "lineHeight": "15px",
          "margin": "0",
          "overflow": "hidden",
          "padding": "4px",
          "position": "relative",
          "textAlign": "left",
          "verticalAlign": "top",
          "width": "80px",
        }
      }
    >
      
    </span>
  </div>
  <div>
    <span
      style={
        Object {
          "backgroundColor": "#f0f0f0",
          "border": "1px solid #cacaca",
          "boxSizing": "border-box",
          "color": "black",
          "display": "inline-block",
          "fontFamily": "Calibri, 'Segoe UI', Thonburi, Arial, Verdana, sans-serif",
          "fontSize": "14px",
          "fontWeight": "bold",
          "height": "25px",
          "lineHeight": "15px",
          "margin": "0",
          "overflow": "hidden",
          "padding": "4px",
          "position": "relative",
          "textAlign": "center",
          "verticalAlign": "top",
          "width": "80px",
        }
      }
    >
      6
    </span>
    <span
      onClick={[Function]}
      onDoubleClick={[Function]}
      role="presentation"
      style={
        Object {
          "border": "1px solid #cacaca",
          "boxSizing": "border-box",
          "color": "black",
          "display": "inline-block",
          "fontFamily": "Calibri, 'Segoe UI', Thonburi, Arial, Verdana, sans-serif",
          "fontSize": "14px",
          "height": "25px",
          "lineHeight": "15px",
          "margin": "0",
          "overflow": "hidden",
          "padding": "4px",
          "position": "relative",
          "textAlign": "left",
          "verticalAlign": "top",
          "width": "80px",
        }
      }
    >
      
    </span>
    <span
      onClick={[Function]}
      onDoubleClick={[Function]}
      role="presentation"
      style={
        Object {
          "border": "1px solid #cacaca",
          "boxSizing": "border-box",
          "color": "black",
          "display": "inline-block",
          "fontFamily": "Calibri, 'Segoe UI', Thonburi, Arial, Verdana, sans-serif",
          "fontSize": "14px",
          "height": "25px",
          "lineHeight": "15px",
          "margin": "0",
          "overflow": "hidden",
          "padding": "4px",
          "position": "relative",
          "textAlign": "left",
          "verticalAlign": "top",
          "width": "80px",
        }
      }
    >
      
    </span>
    <span
      onClick={[Function]}
      onDoubleClick={[Function]}
      role="presentation"
      style={
        Object {
          "border": "1px solid #cacaca",
          "boxSizing": "border-box",
          "color": "black",
          "display": "inline-block",
          "fontFamily": "Calibri, 'Segoe UI', Thonburi, Arial, Verdana, sans-serif",
          "fontSize": "14px",
          "height": "25px",
          "lineHeight": "15px",
          "margin": "0",
          "overflow": "hidden",
          "padding": "4px",
          "position": "relative",
          "textAlign": "left",
          "verticalAlign": "top",
          "width": "80px",
        }
      }
    >
      
    </span>
    <span
      onClick={[Function]}
      onDoubleClick={[Function]}
      role="presentation"
      style={
        Object {
          "border": "1px solid #cacaca",
          "boxSizing": "border-box",
          "color": "black",
          "display": "inline-block",
          "fontFamily": "Calibri, 'Segoe UI', Thonburi, Arial, Verdana, sans-serif",
          "fontSize": "14px",
          "height": "25px",
          "lineHeight": "15px",
          "margin": "0",
          "overflow": "hidden",
          "padding": "4px",
          "position": "relative",
          "textAlign": "left",
          "verticalAlign": "top",
          "width": "80px",
        }
      }
    >
      
    </span>
    <span
      onClick={[Function]}
      onDoubleClick={[Function]}
      role="presentation"
      style={
        Object {
          "border": "1px solid #cacaca",
          "boxSizing": "border-box",
          "color": "black",
          "display": "inline-block",
          "fontFamily": "Calibri, 'Segoe UI', Thonburi, Arial, Verdana, sans-serif",
          "fontSize": "14px",
          "height": "25px",
          "lineHeight": "15px",
          "margin": "0",
          "overflow": "hidden",
          "padding": "4px",
          "position": "relative",
          "textAlign": "left",
          "verticalAlign": "top",
          "width": "80px",
        }
      }
    >
      
    </span>
    <span
      onClick={[Function]}
      onDoubleClick={[Function]}
      role="presentation"
      style={
        Object {
          "border": "1px solid #cacaca",
          "boxSizing": "border-box",
          "color": "black",
          "display": "inline-block",
          "fontFamily": "Calibri, 'Segoe UI', Thonburi, Arial, Verdana, sans-serif",
          "fontSize": "14px",
          "height": "25px",
          "lineHeight": "15px",
          "margin": "0",
          "overflow": "hidden",
          "padding": "4px",
          "position": "relative",
          "textAlign": "left",
          "verticalAlign": "top",
          "width": "80px",
        }
      }
    >
      
    </span>
    <span
      onClick={[Function]}
      onDoubleClick={[Function]}
      role="presentation"
      style={
        Object {
          "border": "1px solid #cacaca",
          "boxSizing": "border-box",
          "color": "black",
          "display": "inline-block",
          "fontFamily": "Calibri, 'Segoe UI', Thonburi, Arial, Verdana, sans-serif",
          "fontSize": "14px",
          "height": "25px",
          "lineHeight": "15px",
          "margin": "0",
          "overflow": "hidden",
          "padding": "4px",
          "position": "relative",
          "textAlign": "left",
          "verticalAlign": "top",
          "width": "80px",
        }
      }
    >
      
    </span>
    <span
      onClick={[Function]}
      onDoubleClick={[Function]}
      role="presentation"
      style={
        Object {
          "border": "1px solid #cacaca",
          "boxSizing": "border-box",
          "color": "black",
          "display": "inline-block",
          "fontFamily": "Calibri, 'Segoe UI', Thonburi, Arial, Verdana, sans-serif",
          "fontSize": "14px",
          "height": "25px",
          "lineHeight": "15px",
          "margin": "0",
          "overflow": "hidden",
          "padding": "4px",
          "position": "relative",
          "textAlign": "left",
          "verticalAlign": "top",
          "width": "80px",
        }
      }
    >
      
    </span>
    <span
      onClick={[Function]}
      onDoubleClick={[Function]}
      role="presentation"
      style={
        Object {
          "border": "1px solid #cacaca",
          "boxSizing": "border-box",
          "color": "black",
          "display": "inline-block",
          "fontFamily": "Calibri, 'Segoe UI', Thonburi, Arial, Verdana, sans-serif",
          "fontSize": "14px",
          "height": "25px",
          "lineHeight": "15px",
          "margin": "0",
          "overflow": "hidden",
          "padding": "4px",
          "position": "relative",
          "textAlign": "left",
          "verticalAlign": "top",
          "width": "80px",
        }
      }
    >
      
    </span>
    <span
      onClick={[Function]}
      onDoubleClick={[Function]}
      role="presentation"
      style={
        Object {
          "border": "1px solid #cacaca",
          "boxSizing": "border-box",
          "color": "black",
          "display": "inline-block",
          "fontFamily": "Calibri, 'Segoe UI', Thonburi, Arial, Verdana, sans-serif",
          "fontSize": "14px",
          "height": "25px",
          "lineHeight": "15px",
          "margin": "0",
          "overflow": "hidden",
          "padding": "4px",
          "position": "relative",
          "textAlign": "left",
          "verticalAlign": "top",
          "width": "80px",
        }
      }
    >
      
    </span>
  </div>
  <div>
    <span
      style={
        Object {
          "backgroundColor": "#f0f0f0",
          "border": "1px solid #cacaca",
          "boxSizing": "border-box",
          "color": "black",
          "display": "inline-block",
          "fontFamily": "Calibri, 'Segoe UI', Thonburi, Arial, Verdana, sans-serif",
          "fontSize": "14px",
          "fontWeight": "bold",
          "height": "25px",
          "lineHeight": "15px",
          "margin": "0",
          "overflow": "hidden",
          "padding": "4px",
          "position": "relative",
          "textAlign": "center",
          "verticalAlign": "top",
          "width": "80px",
        }
      }
    >
      7
    </span>
    <span
      onClick={[Function]}
      onDoubleClick={[Function]}
      role="presentation"
      style={
        Object {
          "border": "1px solid #cacaca",
          "boxSizing": "border-box",
          "color": "black",
          "display": "inline-block",
          "fontFamily": "Calibri, 'Segoe UI', Thonburi, Arial, Verdana, sans-serif",
          "fontSize": "14px",
          "height": "25px",
          "lineHeight": "15px",
          "margin": "0",
          "overflow": "hidden",
          "padding": "4px",
          "position": "relative",
          "textAlign": "left",
          "verticalAlign": "top",
          "width": "80px",
        }
      }
    >
      
    </span>
    <span
      onClick={[Function]}
      onDoubleClick={[Function]}
      role="presentation"
      style={
        Object {
          "border": "1px solid #cacaca",
          "boxSizing": "border-box",
          "color": "black",
          "display": "inline-block",
          "fontFamily": "Calibri, 'Segoe UI', Thonburi, Arial, Verdana, sans-serif",
          "fontSize": "14px",
          "height": "25px",
          "lineHeight": "15px",
          "margin": "0",
          "overflow": "hidden",
          "padding": "4px",
          "position": "relative",
          "textAlign": "left",
          "verticalAlign": "top",
          "width": "80px",
        }
      }
    >
      
    </span>
    <span
      onClick={[Function]}
      onDoubleClick={[Function]}
      role="presentation"
      style={
        Object {
          "border": "1px solid #cacaca",
          "boxSizing": "border-box",
          "color": "black",
          "display": "inline-block",
          "fontFamily": "Calibri, 'Segoe UI', Thonburi, Arial, Verdana, sans-serif",
          "fontSize": "14px",
          "height": "25px",
          "lineHeight": "15px",
          "margin": "0",
          "overflow": "hidden",
          "padding": "4px",
          "position": "relative",
          "textAlign": "left",
          "verticalAlign": "top",
          "width": "80px",
        }
      }
    >
      
    </span>
    <span
      onClick={[Function]}
      onDoubleClick={[Function]}
      role="presentation"
      style={
        Object {
          "border": "1px solid #cacaca",
          "boxSizing": "border-box",
          "color": "black",
          "display": "inline-block",
          "fontFamily": "Calibri, 'Segoe UI', Thonburi, Arial, Verdana, sans-serif",
          "fontSize": "14px",
          "height": "25px",
          "lineHeight": "15px",
          "margin": "0",
          "overflow": "hidden",
          "padding": "4px",
          "position": "relative",
          "textAlign": "left",
          "verticalAlign": "top",
          "width": "80px",
        }
      }
    >
      
    </span>
    <span
      onClick={[Function]}
      onDoubleClick={[Function]}
      role="presentation"
      style={
        Object {
          "border": "1px solid #cacaca",
          "boxSizing": "border-box",
          "color": "black",
          "display": "inline-block",
          "fontFamily": "Calibri, 'Segoe UI', Thonburi, Arial, Verdana, sans-serif",
          "fontSize": "14px",
          "height": "25px",
          "lineHeight": "15px",
          "margin": "0",
          "overflow": "hidden",
          "padding": "4px",
          "position": "relative",
          "textAlign": "left",
          "verticalAlign": "top",
          "width": "80px",
        }
      }
    >
      
    </span>
    <span
      onClick={[Function]}
      onDoubleClick={[Function]}
      role="presentation"
      style={
        Object {
          "border": "1px solid #cacaca",
          "boxSizing": "border-box",
          "color": "black",
          "display": "inline-block",
          "fontFamily": "Calibri, 'Segoe UI', Thonburi, Arial, Verdana, sans-serif",
          "fontSize": "14px",
          "height": "25px",
          "lineHeight": "15px",
          "margin": "0",
          "overflow": "hidden",
          "padding": "4px",
          "position": "relative",
          "textAlign": "left",
          "verticalAlign": "top",
          "width": "80px",
        }
      }
    >
      
    </span>
    <span
      onClick={[Function]}
      onDoubleClick={[Function]}
      role="presentation"
      style={
        Object {
          "border": "1px solid #cacaca",
          "boxSizing": "border-box",
          "color": "black",
          "display": "inline-block",
          "fontFamily": "Calibri, 'Segoe UI', Thonburi, Arial, Verdana, sans-serif",
          "fontSize": "14px",
          "height": "25px",
          "lineHeight": "15px",
          "margin": "0",
          "overflow": "hidden",
          "padding": "4px",
          "position": "relative",
          "textAlign": "left",
          "verticalAlign": "top",
          "width": "80px",
        }
      }
    >
      
    </span>
    <span
      onClick={[Function]}
      onDoubleClick={[Function]}
      role="presentation"
      style={
        Object {
          "border": "1px solid #cacaca",
          "boxSizing": "border-box",
          "color": "black",
          "display": "inline-block",
          "fontFamily": "Calibri, 'Segoe UI', Thonburi, Arial, Verdana, sans-serif",
          "fontSize": "14px",
          "height": "25px",
          "lineHeight": "15px",
          "margin": "0",
          "overflow": "hidden",
          "padding": "4px",
          "position": "relative",
          "textAlign": "left",
          "verticalAlign": "top",
          "width": "80px",
        }
      }
    >
      
    </span>
    <span
      onClick={[Function]}
      onDoubleClick={[Function]}
      role="presentation"
      style={
        Object {
          "border": "1px solid #cacaca",
          "boxSizing": "border-box",
          "color": "black",
          "display": "inline-block",
          "fontFamily": "Calibri, 'Segoe UI', Thonburi, Arial, Verdana, sans-serif",
          "fontSize": "14px",
          "height": "25px",
          "lineHeight": "15px",
          "margin": "0",
          "overflow": "hidden",
          "padding": "4px",
          "position": "relative",
          "textAlign": "left",
          "verticalAlign": "top",
          "width": "80px",
        }
      }
    >
      
    </span>
    <span
      onClick={[Function]}
      onDoubleClick={[Function]}
      role="presentation"
      style={
        Object {
          "border": "1px solid #cacaca",
          "boxSizing": "border-box",
          "color": "black",
          "display": "inline-block",
          "fontFamily": "Calibri, 'Segoe UI', Thonburi, Arial, Verdana, sans-serif",
          "fontSize": "14px",
          "height": "25px",
          "lineHeight": "15px",
          "margin": "0",
          "overflow": "hidden",
          "padding": "4px",
          "position": "relative",
          "textAlign": "left",
          "verticalAlign": "top",
          "width": "80px",
        }
      }
    >
      
    </span>
  </div>
  <div>
    <span
      style={
        Object {
          "backgroundColor": "#f0f0f0",
          "border": "1px solid #cacaca",
          "boxSizing": "border-box",
          "color": "black",
          "display": "inline-block",
          "fontFamily": "Calibri, 'Segoe UI', Thonburi, Arial, Verdana, sans-serif",
          "fontSize": "14px",
          "fontWeight": "bold",
          "height": "25px",
          "lineHeight": "15px",
          "margin": "0",
          "overflow": "hidden",
          "padding": "4px",
          "position": "relative",
          "textAlign": "center",
          "verticalAlign": "top",
          "width": "80px",
        }
      }
    >
      8
    </span>
    <span
      onClick={[Function]}
      onDoubleClick={[Function]}
      role="presentation"
      style={
        Object {
          "border": "1px solid #cacaca",
          "boxSizing": "border-box",
          "color": "black",
          "display": "inline-block",
          "fontFamily": "Calibri, 'Segoe UI', Thonburi, Arial, Verdana, sans-serif",
          "fontSize": "14px",
          "height": "25px",
          "lineHeight": "15px",
          "margin": "0",
          "overflow": "hidden",
          "padding": "4px",
          "position": "relative",
          "textAlign": "left",
          "verticalAlign": "top",
          "width": "80px",
        }
      }
    >
      
    </span>
    <span
      onClick={[Function]}
      onDoubleClick={[Function]}
      role="presentation"
      style={
        Object {
          "border": "1px solid #cacaca",
          "boxSizing": "border-box",
          "color": "black",
          "display": "inline-block",
          "fontFamily": "Calibri, 'Segoe UI', Thonburi, Arial, Verdana, sans-serif",
          "fontSize": "14px",
          "height": "25px",
          "lineHeight": "15px",
          "margin": "0",
          "overflow": "hidden",
          "padding": "4px",
          "position": "relative",
          "textAlign": "left",
          "verticalAlign": "top",
          "width": "80px",
        }
      }
    >
      
    </span>
    <span
      onClick={[Function]}
      onDoubleClick={[Function]}
      role="presentation"
      style={
        Object {
          "border": "1px solid #cacaca",
          "boxSizing": "border-box",
          "color": "black",
          "display": "inline-block",
          "fontFamily": "Calibri, 'Segoe UI', Thonburi, Arial, Verdana, sans-serif",
          "fontSize": "14px",
          "height": "25px",
          "lineHeight": "15px",
          "margin": "0",
          "overflow": "hidden",
          "padding": "4px",
          "position": "relative",
          "textAlign": "left",
          "verticalAlign": "top",
          "width": "80px",
        }
      }
    >
      
    </span>
    <span
      onClick={[Function]}
      onDoubleClick={[Function]}
      role="presentation"
      style={
        Object {
          "border": "1px solid #cacaca",
          "boxSizing": "border-box",
          "color": "black",
          "display": "inline-block",
          "fontFamily": "Calibri, 'Segoe UI', Thonburi, Arial, Verdana, sans-serif",
          "fontSize": "14px",
          "height": "25px",
          "lineHeight": "15px",
          "margin": "0",
          "overflow": "hidden",
          "padding": "4px",
          "position": "relative",
          "textAlign": "left",
          "verticalAlign": "top",
          "width": "80px",
        }
      }
    >
      
    </span>
    <span
      onClick={[Function]}
      onDoubleClick={[Function]}
      role="presentation"
      style={
        Object {
          "border": "1px solid #cacaca",
          "boxSizing": "border-box",
          "color": "black",
          "display": "inline-block",
          "fontFamily": "Calibri, 'Segoe UI', Thonburi, Arial, Verdana, sans-serif",
          "fontSize": "14px",
          "height": "25px",
          "lineHeight": "15px",
          "margin": "0",
          "overflow": "hidden",
          "padding": "4px",
          "position": "relative",
          "textAlign": "left",
          "verticalAlign": "top",
          "width": "80px",
        }
      }
    >
      
    </span>
    <span
      onClick={[Function]}
      onDoubleClick={[Function]}
      role="presentation"
      style={
        Object {
          "border": "1px solid #cacaca",
          "boxSizing": "border-box",
          "color": "black",
          "display": "inline-block",
          "fontFamily": "Calibri, 'Segoe UI', Thonburi, Arial, Verdana, sans-serif",
          "fontSize": "14px",
          "height": "25px",
          "lineHeight": "15px",
          "margin": "0",
          "overflow": "hidden",
          "padding": "4px",
          "position": "relative",
          "textAlign": "left",
          "verticalAlign": "top",
          "width": "80px",
        }
      }
    >
      
    </span>
    <span
      onClick={[Function]}
      onDoubleClick={[Function]}
      role="presentation"
      style={
        Object {
          "border": "1px solid #cacaca",
          "boxSizing": "border-box",
          "color": "black",
          "display": "inline-block",
          "fontFamily": "Calibri, 'Segoe UI', Thonburi, Arial, Verdana, sans-serif",
          "fontSize": "14px",
          "height": "25px",
          "lineHeight": "15px",
          "margin": "0",
          "overflow": "hidden",
          "padding": "4px",
          "position": "relative",
          "textAlign": "left",
          "verticalAlign": "top",
          "width": "80px",
        }
      }
    >
      
    </span>
    <span
      onClick={[Function]}
      onDoubleClick={[Function]}
      role="presentation"
      style={
        Object {
          "border": "1px solid #cacaca",
          "boxSizing": "border-box",
          "color": "black",
          "display": "inline-block",
          "fontFamily": "Calibri, 'Segoe UI', Thonburi, Arial, Verdana, sans-serif",
          "fontSize": "14px",
          "height": "25px",
          "lineHeight": "15px",
          "margin": "0",
          "overflow": "hidden",
          "padding": "4px",
          "position": "relative",
          "textAlign": "left",
          "verticalAlign": "top",
          "width": "80px",
        }
      }
    >
      
    </span>
    <span
      onClick={[Function]}
      onDoubleClick={[Function]}
      role="presentation"
      style={
        Object {
          "border": "1px solid #cacaca",
          "boxSizing": "border-box",
          "color": "black",
          "display": "inline-block",
          "fontFamily": "Calibri, 'Segoe UI', Thonburi, Arial, Verdana, sans-serif",
          "fontSize": "14px",
          "height": "25px",
          "lineHeight": "15px",
          "margin": "0",
          "overflow": "hidden",
          "padding": "4px",
          "position": "relative",
          "textAlign": "left",
          "verticalAlign": "top",
          "width": "80px",
        }
      }
    >
      
    </span>
    <span
      onClick={[Function]}
      onDoubleClick={[Function]}
      role="presentation"
      style={
        Object {
          "border": "1px solid #cacaca",
          "boxSizing": "border-box",
          "color": "black",
          "display": "inline-block",
          "fontFamily": "Calibri, 'Segoe UI', Thonburi, Arial, Verdana, sans-serif",
          "fontSize": "14px",
          "height": "25px",
          "lineHeight": "15px",
          "margin": "0",
          "overflow": "hidden",
          "padding": "4px",
          "position": "relative",
          "textAlign": "left",
          "verticalAlign": "top",
          "width": "80px",
        }
      }
    >
      
    </span>
  </div>
  <div>
    <span
      style={
        Object {
          "backgroundColor": "#f0f0f0",
          "border": "1px solid #cacaca",
          "boxSizing": "border-box",
          "color": "black",
          "display": "inline-block",
          "fontFamily": "Calibri, 'Segoe UI', Thonburi, Arial, Verdana, sans-serif",
          "fontSize": "14px",
          "fontWeight": "bold",
          "height": "25px",
          "lineHeight": "15px",
          "margin": "0",
          "overflow": "hidden",
          "padding": "4px",
          "position": "relative",
          "textAlign": "center",
          "verticalAlign": "top",
          "width": "80px",
        }
      }
    >
      9
    </span>
    <span
      onClick={[Function]}
      onDoubleClick={[Function]}
      role="presentation"
      style={
        Object {
          "border": "1px solid #cacaca",
          "boxSizing": "border-box",
          "color": "black",
          "display": "inline-block",
          "fontFamily": "Calibri, 'Segoe UI', Thonburi, Arial, Verdana, sans-serif",
          "fontSize": "14px",
          "height": "25px",
          "lineHeight": "15px",
          "margin": "0",
          "overflow": "hidden",
          "padding": "4px",
          "position": "relative",
          "textAlign": "left",
          "verticalAlign": "top",
          "width": "80px",
        }
      }
    >
      
    </span>
    <span
      onClick={[Function]}
      onDoubleClick={[Function]}
      role="presentation"
      style={
        Object {
          "border": "1px solid #cacaca",
          "boxSizing": "border-box",
          "color": "black",
          "display": "inline-block",
          "fontFamily": "Calibri, 'Segoe UI', Thonburi, Arial, Verdana, sans-serif",
          "fontSize": "14px",
          "height": "25px",
          "lineHeight": "15px",
          "margin": "0",
          "overflow": "hidden",
          "padding": "4px",
          "position": "relative",
          "textAlign": "left",
          "verticalAlign": "top",
          "width": "80px",
        }
      }
    >
      
    </span>
    <span
      onClick={[Function]}
      onDoubleClick={[Function]}
      role="presentation"
      style={
        Object {
          "border": "1px solid #cacaca",
          "boxSizing": "border-box",
          "color": "black",
          "display": "inline-block",
          "fontFamily": "Calibri, 'Segoe UI', Thonburi, Arial, Verdana, sans-serif",
          "fontSize": "14px",
          "height": "25px",
          "lineHeight": "15px",
          "margin": "0",
          "overflow": "hidden",
          "padding": "4px",
          "position": "relative",
          "textAlign": "left",
          "verticalAlign": "top",
          "width": "80px",
        }
      }
    >
      
    </span>
    <span
      onClick={[Function]}
      onDoubleClick={[Function]}
      role="presentation"
      style={
        Object {
          "border": "1px solid #cacaca",
          "boxSizing": "border-box",
          "color": "black",
          "display": "inline-block",
          "fontFamily": "Calibri, 'Segoe UI', Thonburi, Arial, Verdana, sans-serif",
          "fontSize": "14px",
          "height": "25px",
          "lineHeight": "15px",
          "margin": "0",
          "overflow": "hidden",
          "padding": "4px",
          "position": "relative",
          "textAlign": "left",
          "verticalAlign": "top",
          "width": "80px",
        }
      }
    >
      
    </span>
    <span
      onClick={[Function]}
      onDoubleClick={[Function]}
      role="presentation"
      style={
        Object {
          "border": "1px solid #cacaca",
          "boxSizing": "border-box",
          "color": "black",
          "display": "inline-block",
          "fontFamily": "Calibri, 'Segoe UI', Thonburi, Arial, Verdana, sans-serif",
          "fontSize": "14px",
          "height": "25px",
          "lineHeight": "15px",
          "margin": "0",
          "overflow": "hidden",
          "padding": "4px",
          "position": "relative",
          "textAlign": "left",
          "verticalAlign": "top",
          "width": "80px",
        }
      }
    >
      
    </span>
    <span
      onClick={[Function]}
      onDoubleClick={[Function]}
      role="presentation"
      style={
        Object {
          "border": "1px solid #cacaca",
          "boxSizing": "border-box",
          "color": "black",
          "display": "inline-block",
          "fontFamily": "Calibri, 'Segoe UI', Thonburi, Arial, Verdana, sans-serif",
          "fontSize": "14px",
          "height": "25px",
          "lineHeight": "15px",
          "margin": "0",
          "overflow": "hidden",
          "padding": "4px",
          "position": "relative",
          "textAlign": "left",
          "verticalAlign": "top",
          "width": "80px",
        }
      }
    >
      
    </span>
    <span
      onClick={[Function]}
      onDoubleClick={[Function]}
      role="presentation"
      style={
        Object {
          "border": "1px solid #cacaca",
          "boxSizing": "border-box",
          "color": "black",
          "display": "inline-block",
          "fontFamily": "Calibri, 'Segoe UI', Thonburi, Arial, Verdana, sans-serif",
          "fontSize": "14px",
          "height": "25px",
          "lineHeight": "15px",
          "margin": "0",
          "overflow": "hidden",
          "padding": "4px",
          "position": "relative",
          "textAlign": "left",
          "verticalAlign": "top",
          "width": "80px",
        }
      }
    >
      
    </span>
    <span
      onClick={[Function]}
      onDoubleClick={[Function]}
      role="presentation"
      style={
        Object {
          "border": "1px solid #cacaca",
          "boxSizing": "border-box",
          "color": "black",
          "display": "inline-block",
          "fontFamily": "Calibri, 'Segoe UI', Thonburi, Arial, Verdana, sans-serif",
          "fontSize": "14px",
          "height": "25px",
          "lineHeight": "15px",
          "margin": "0",
          "overflow": "hidden",
          "padding": "4px",
          "position": "relative",
          "textAlign": "left",
          "verticalAlign": "top",
          "width": "80px",
        }
      }
    >
      
    </span>
    <span
      onClick={[Function]}
      onDoubleClick={[Function]}
      role="presentation"
      style={
        Object {
          "border": "1px solid #cacaca",
          "boxSizing": "border-box",
          "color": "black",
          "display": "inline-block",
          "fontFamily": "Calibri, 'Segoe UI', Thonburi, Arial, Verdana, sans-serif",
          "fontSize": "14px",
          "height": "25px",
          "lineHeight": "15px",
          "margin": "0",
          "overflow": "hidden",
          "padding": "4px",
          "position": "relative",
          "textAlign": "left",
          "verticalAlign": "top",
          "width": "80px",
        }
      }
    >
      
    </span>
    <span
      onClick={[Function]}
      onDoubleClick={[Function]}
      role="presentation"
      style={
        Object {
          "border": "1px solid #cacaca",
          "boxSizing": "border-box",
          "color": "black",
          "display": "inline-block",
          "fontFamily": "Calibri, 'Segoe UI', Thonburi, Arial, Verdana, sans-serif",
          "fontSize": "14px",
          "height": "25px",
          "lineHeight": "15px",
          "margin": "0",
          "overflow": "hidden",
          "padding": "4px",
          "position": "relative",
          "textAlign": "left",
          "verticalAlign": "top",
          "width": "80px",
        }
      }
    >
      
    </span>
  </div>
  <div>
    <span
      style={
        Object {
          "backgroundColor": "#f0f0f0",
          "border": "1px solid #cacaca",
          "boxSizing": "border-box",
          "color": "black",
          "display": "inline-block",
          "fontFamily": "Calibri, 'Segoe UI', Thonburi, Arial, Verdana, sans-serif",
          "fontSize": "14px",
          "fontWeight": "bold",
          "height": "25px",
          "lineHeight": "15px",
          "margin": "0",
          "overflow": "hidden",
          "padding": "4px",
          "position": "relative",
          "textAlign": "center",
          "verticalAlign": "top",
          "width": "80px",
        }
      }
    >
      10
    </span>
    <span
      onClick={[Function]}
      onDoubleClick={[Function]}
      role="presentation"
      style={
        Object {
          "border": "1px solid #cacaca",
          "boxSizing": "border-box",
          "color": "black",
          "display": "inline-block",
          "fontFamily": "Calibri, 'Segoe UI', Thonburi, Arial, Verdana, sans-serif",
          "fontSize": "14px",
          "height": "25px",
          "lineHeight": "15px",
          "margin": "0",
          "overflow": "hidden",
          "padding": "4px",
          "position": "relative",
          "textAlign": "left",
          "verticalAlign": "top",
          "width": "80px",
        }
      }
    >
      
    </span>
    <span
      onClick={[Function]}
      onDoubleClick={[Function]}
      role="presentation"
      style={
        Object {
          "border": "1px solid #cacaca",
          "boxSizing": "border-box",
          "color": "black",
          "display": "inline-block",
          "fontFamily": "Calibri, 'Segoe UI', Thonburi, Arial, Verdana, sans-serif",
          "fontSize": "14px",
          "height": "25px",
          "lineHeight": "15px",
          "margin": "0",
          "overflow": "hidden",
          "padding": "4px",
          "position": "relative",
          "textAlign": "left",
          "verticalAlign": "top",
          "width": "80px",
        }
      }
    >
      
    </span>
    <span
      onClick={[Function]}
      onDoubleClick={[Function]}
      role="presentation"
      style={
        Object {
          "border": "1px solid #cacaca",
          "boxSizing": "border-box",
          "color": "black",
          "display": "inline-block",
          "fontFamily": "Calibri, 'Segoe UI', Thonburi, Arial, Verdana, sans-serif",
          "fontSize": "14px",
          "height": "25px",
          "lineHeight": "15px",
          "margin": "0",
          "overflow": "hidden",
          "padding": "4px",
          "position": "relative",
          "textAlign": "left",
          "verticalAlign": "top",
          "width": "80px",
        }
      }
    >
      
    </span>
    <span
      onClick={[Function]}
      onDoubleClick={[Function]}
      role="presentation"
      style={
        Object {
          "border": "1px solid #cacaca",
          "boxSizing": "border-box",
          "color": "black",
          "display": "inline-block",
          "fontFamily": "Calibri, 'Segoe UI', Thonburi, Arial, Verdana, sans-serif",
          "fontSize": "14px",
          "height": "25px",
          "lineHeight": "15px",
          "margin": "0",
          "overflow": "hidden",
          "padding": "4px",
          "position": "relative",
          "textAlign": "left",
          "verticalAlign": "top",
          "width": "80px",
        }
      }
    >
      
    </span>
    <span
      onClick={[Function]}
      onDoubleClick={[Function]}
      role="presentation"
      style={
        Object {
          "border": "1px solid #cacaca",
          "boxSizing": "border-box",
          "color": "black",
          "display": "inline-block",
          "fontFamily": "Calibri, 'Segoe UI', Thonburi, Arial, Verdana, sans-serif",
          "fontSize": "14px",
          "height": "25px",
          "lineHeight": "15px",
          "margin": "0",
          "overflow": "hidden",
          "padding": "4px",
          "position": "relative",
          "textAlign": "left",
          "verticalAlign": "top",
          "width": "80px",
        }
      }
    >
      
    </span>
    <span
      onClick={[Function]}
      onDoubleClick={[Function]}
      role="presentation"
      style={
        Object {
          "border": "1px solid #cacaca",
          "boxSizing": "border-box",
          "color": "black",
          "display": "inline-block",
          "fontFamily": "Calibri, 'Segoe UI', Thonburi, Arial, Verdana, sans-serif",
          "fontSize": "14px",
          "height": "25px",
          "lineHeight": "15px",
          "margin": "0",
          "overflow": "hidden",
          "padding": "4px",
          "position": "relative",
          "textAlign": "left",
          "verticalAlign": "top",
          "width": "80px",
        }
      }
    >
      
    </span>
    <span
      onClick={[Function]}
      onDoubleClick={[Function]}
      role="presentation"
      style={
        Object {
          "border": "1px solid #cacaca",
          "boxSizing": "border-box",
          "color": "black",
          "display": "inline-block",
          "fontFamily": "Calibri, 'Segoe UI', Thonburi, Arial, Verdana, sans-serif",
          "fontSize": "14px",
          "height": "25px",
          "lineHeight": "15px",
          "margin": "0",
          "overflow": "hidden",
          "padding": "4px",
          "position": "relative",
          "textAlign": "left",
          "verticalAlign": "top",
          "width": "80px",
        }
      }
    >
      
    </span>
    <span
      onClick={[Function]}
      onDoubleClick={[Function]}
      role="presentation"
      style={
        Object {
          "border": "1px solid #cacaca",
          "boxSizing": "border-box",
          "color": "black",
          "display": "inline-block",
          "fontFamily": "Calibri, 'Segoe UI', Thonburi, Arial, Verdana, sans-serif",
          "fontSize": "14px",
          "height": "25px",
          "lineHeight": "15px",
          "margin": "0",
          "overflow": "hidden",
          "padding": "4px",
          "position": "relative",
          "textAlign": "left",
          "verticalAlign": "top",
          "width": "80px",
        }
      }
    >
      
    </span>
    <span
      onClick={[Function]}
      onDoubleClick={[Function]}
      role="presentation"
      style={
        Object {
          "border": "1px solid #cacaca",
          "boxSizing": "border-box",
          "color": "black",
          "display": "inline-block",
          "fontFamily": "Calibri, 'Segoe UI', Thonburi, Arial, Verdana, sans-serif",
          "fontSize": "14px",
          "height": "25px",
          "lineHeight": "15px",
          "margin": "0",
          "overflow": "hidden",
          "padding": "4px",
          "position": "relative",
          "textAlign": "left",
          "verticalAlign": "top",
          "width": "80px",
        }
      }
    >
      
    </span>
    <span
      onClick={[Function]}
      onDoubleClick={[Function]}
      role="presentation"
      style={
        Object {
          "border": "1px solid #cacaca",
          "boxSizing": "border-box",
          "color": "black",
          "display": "inline-block",
          "fontFamily": "Calibri, 'Segoe UI', Thonburi, Arial, Verdana, sans-serif",
          "fontSize": "14px",
          "height": "25px",
          "lineHeight": "15px",
          "margin": "0",
          "overflow": "hidden",
          "padding": "4px",
          "position": "relative",
          "textAlign": "left",
          "verticalAlign": "top",
          "width": "80px",
        }
      }
    >
      
    </span>
  </div>
</div>
`;
